// Jest Snapshot v1, https://goo.gl/fbAQLP

exports[`Product Card component renders correctly 1`] = `
.c0 {
  width: 20%;
}

.c1 {
  cursor: pointer;
  border-left: 8px solid transparent;
  padding: 20px;
  color: #606b87;
  margin: 20px;
  -webkit-transition: background 0.4s ease;
  transition: background 0.4s ease;
  box-shadow: 0px 0px 3px #d4d5d8;
  background-color: #fff;
}

.c1:first-letter {
  text-transform: capitalize;
}

<div
  className="c0"
>
  <div
    className="c1"
    title="consequatur autem doloribus natus consectetur"
  >
    consequatur autem doloribus natus consectetur
  </div>
</div>
`;
