// Jest Snapshot v1, https://goo.gl/fbAQLP

exports[`button component renders correctly 1`] = `
.c0 {
  -webkit-align-items: center;
  -webkit-box-align: center;
  -ms-flex-align: center;
  align-items: center;
  background-color: #376fc6;
  border-radius: 4px;
  border: solid 1px #376fc6;
  color: white;
  cursor: pointer;
  display: -webkit-inline-box;
  display: -webkit-inline-flex;
  display: -ms-inline-flexbox;
  display: inline-flex;
  -webkit-flex-direction: row;
  -ms-flex-direction: row;
  flex-direction: row;
  font-size: 14px;
  padding: 0.5rem 1rem;
  text-align: center;
  -webkit-user-select: none;
  -moz-user-select: none;
  -ms-user-select: none;
  user-select: none;
}

.c0:hover {
  background-color: #3c92ef;
}

<div
  className="c0"
  onClick={[Function]}
>
  Test
</div>
`;
